2026-08-28 22:28:29 - INFO - [log] Auto-Pilot console log -> C:\Users\jayra\Documents\GeminiVSCode\auto_pilot_20260828_222829.log
2026-08-28 22:28:33 - INFO - ============================================================
2026-08-28 22:28:33 - INFO - 🚀 WEINSTEIN COMMANDER: FULL AUTO-PILOT
2026-08-28 22:28:33 - INFO - ============================================================
2026-08-28 22:28:33 - INFO - This will execute the entire workflow:
2026-08-28 22:28:33 - INFO - 1. Run ALL Technical Scanners (Chartink)
2026-08-28 22:28:33 - INFO - 2. Fetch Fundamental Data (Screener.in)
2026-08-28 22:28:33 - INFO - 3. Process Data
2026-08-28 22:28:33 - INFO - 4. Run Golden Matcher
2026-08-28 22:28:33 - INFO - 5. Run Recovery Screener
2026-08-28 22:28:33 - INFO - 6. Run Bull Screener
2026-08-28 22:28:33 - INFO - 7. Generate Local Watchlists
2026-08-28 22:28:33 - INFO - 8. Sync to Strike.Money
2026-08-28 22:28:33 - INFO - ------------------------------------------------------------
2026-08-28 22:28:33 - INFO - 
[PHASE 0] PRE-FLIGHT CLEANUP...
2026-08-28 22:28:33 - INFO - 
[PHASE 0.5] NUCLEAR WATCHLIST CLEANUP...
2026-08-28 22:32:23 - INFO - 
[PHASE 1] RUNNING TECHNICAL SCANNERS...
2026-08-28 22:32:42 - INFO - 
[PHASE 2] FETCHING FUNDAMENTAL DATA...
2026-08-28 22:32:48 - INFO - 
[PHASE 3] PROCESSING DATA...
2026-08-28 22:32:48 - INFO - 
[PHASE 4] RUNNING GOLDEN MATCHER...
2026-08-28 22:34:02 - INFO - 🌟 Matching Summary:
✅ Stage 2 Hunter: 5 matches
✅ Stage 2 Pullback: 9 matches
✅ Early Birds: 1 matches
✅ Strong Leaders: 7 matches
✅ RS Survivors: 4 matches
✅ Recovery Early Birds: 5 matches

2026-08-28 22:34:07 - INFO - 
[PHASE 4.5] RUNNING RECOVERY SCREENER...
2026-08-28 22:41:53 - INFO - 
[PHASE 4.6] RUNNING BULL SCREENER...
2026-08-28 22:41:53 - INFO -   Bull Screener [1/18]: RRKABEL
2026-08-28 22:41:53 - INFO -   Bull Screener [10/18]: ELGIEQUIP
2026-08-28 22:41:53 - INFO -   Bull Screener [18/18]: DATAPATTNS
2026-08-28 22:41:53 - INFO - ✅ Bull Screener: 5 catalyst signals found.
2026-08-28 22:41:53 - INFO - 
[PHASE 4.7] RUNNING BULL CATALYST BROAD SCAN (catalyst-first)...
2026-08-28 22:41:53 - INFO -   Bull universe: 500 symbols from nifty500_symbols.json (catalyst-first broad scan).
2026-08-28 22:41:53 - INFO -   Catalyst Scan [1/500]: 360ONE
2026-08-28 22:42:05 - INFO -   Catalyst Scan [25/500]: AFCONS
2026-08-28 22:42:16 - INFO -   Catalyst Scan [50/500]: ATHERENERG
2026-08-28 22:42:27 - INFO -   Catalyst Scan [75/500]: BHARTIARTL
2026-08-28 22:42:40 - INFO -   Catalyst Scan [100/500]: CEATLTD
2026-08-28 22:42:49 - INFO -   Catalyst Scan [125/500]: CREDITACC
2026-08-28 22:42:59 - INFO -   Catalyst Scan [150/500]: ELGIEQUIP
2026-08-28 22:43:09 - INFO -   Catalyst Scan [175/500]: GILLETTE
2026-08-28 22:43:22 - INFO -   Catalyst Scan [200/500]: HDFCBANK
2026-08-28 22:43:33 - INFO -   Catalyst Scan [225/500]: IFCI
2026-08-28 22:43:48 - INFO -   Catalyst Scan [250/500]: ITCHOTELS
2026-08-28 22:44:03 - INFO -   Catalyst Scan [275/500]: KARURVYSYA
2026-08-28 22:44:13 - INFO -   Catalyst Scan [300/500]: LTM
2026-08-28 22:44:24 - INFO -   Catalyst Scan [325/500]: MSUMI
2026-08-28 22:44:34 - INFO -   Catalyst Scan [350/500]: NYKAA
2026-08-28 22:44:45 - INFO -   Catalyst Scan [375/500]: PNBHOUSING
2026-08-28 22:44:56 - INFO -   Catalyst Scan [400/500]: RRKABEL
2026-08-28 22:45:08 - INFO -   Catalyst Scan [425/500]: SONATSOFTW
2026-08-28 22:45:21 - INFO -   Catalyst Scan [450/500]: TCS
2026-08-28 22:45:35 - INFO -   Catalyst Scan [475/500]: UNIONBANK
2026-08-28 22:45:45 - INFO -   Catalyst Scan [500/500]: ZYDUSWELL
2026-08-28 22:46:31 - INFO -    BFF fundamental gate: kept 18/45 (floor 4/5; 0 unreadable — NOT judged weak)
2026-08-28 22:46:31 - INFO -    CORE gate (mcap > Rs 5,000 Cr · price > Rs 100 · pledge < 5% · promoter > 40% or FII > 15% or DII > 15%): kept 17/18
2026-08-28 22:46:31 - INFO - ✅ Catalyst Scan: 17 catalyst signals from 500 symbols → FINAL_CATALYST_WATCHLIST.csv
2026-08-28 22:46:31 - INFO -    Catalysts: {'SWG-PB': 12, 'POS-BO': 4, 'POS-ACCUM': 1}
2026-08-28 22:46:31 - INFO - 
[PHASE 4.75] BUILDING RECOVERY CATALYST WATCHLIST...
2026-08-28 22:46:31 - INFO -    CORE gate (mcap > Rs 5,000 Cr · price > Rs 100 · pledge < 5% · promoter > 40% or FII > 15% or DII > 15%): kept 1/1
2026-08-28 22:46:31 - INFO -    Recovery catalysts: {'REV-EARLY': 1}
2026-08-28 22:46:31 - INFO - ✅ Recovery Catalyst Watchlist: 1 firing → FINAL_RECOVERY_CATALYST_WATCHLIST.csv
2026-08-28 22:46:31 - INFO - [FEED] Dhan=ON | nselib=OFF | nsepython=ON | cache=parquet
2026-08-28 22:46:31 - INFO - [FEED] data sources this run: cache=941 (51%) · dhan=905 (49%) · yfinance=1 (0%) · none=1 (0%)
2026-08-28 22:46:31 - INFO - 
[PHASE 4.75b] RUNNING PULLBACK FINDER (at-value scan)...
2026-08-28 22:47:54 - INFO - [PHASE 4.9] ETF SCREENER + ROTATION...
2026-08-28 22:48:17 - INFO - 
[PHASE 4.8] CONSOLIDATING GOLDEN MATCHER BOARD WATCHLIST...
2026-08-28 22:48:18 - INFO - 
[PHASE 5] GENERATING LOCAL WATCHLISTS (Pass 1)...
2026-08-28 22:48:29 - INFO -    ↳ FINAL_Portfolio_Picks.csv (pyramid/ADD source) written
2026-08-28 22:48:29 - INFO - 
[PHASE 5.7] RUNNING STALE WATCHLISTS CLEANUP...
2026-08-28 22:48:29 - INFO - 
[PHASE 6] SYNCING TO STRIKE.MONEY (WATCHLISTS)...
2026-08-28 22:54:07 - INFO - 
[PHASE 7] SYNCING TO TRADINGVIEW (WATCHLISTS)...
2026-08-28 22:55:38 - INFO - 
[PHASE 8] POST-FLIGHT CLEANUP & DATABASE BACKUP...
2026-08-28 22:55:38 - INFO - 
[PHASE 9] RUNNING PORTFOLIO ROTATION GUARD...
2026-08-28 22:57:21 - INFO - 
[PHASE 10] EXPORTING SCREENER CSVs...
2026-08-28 22:57:21 - INFO - ✅ Exported 3 files to C:\Users\jayra\Documents\GeminiVSCode\Screener CSVs
2026-08-28 22:57:21 - INFO - 
[PHASE 11] VALIDATING SCORE AUTHENTICITY...
2026-08-28 22:57:22 - INFO - 
============================================================
2026-08-28 22:57:22 - INFO - 🎉 AUTO-PILOT PIPELINE COMPLETED SUCCESSFULLY!
2026-08-28 22:57:22 - INFO - ============================================================
2026-08-28 22:57:22 - INFO - [log] Full console log saved -> C:\Users\jayra\Documents\GeminiVSCode\auto_pilot_20260828_222829.log
