2026-08-30 12:27:30 - INFO - [log] Auto-Pilot console log -> C:\Users\jayra\Documents\GeminiVSCode\auto_pilot_20260830_122730.log
2026-08-30 12:27:33 - INFO - ============================================================
2026-08-30 12:27:33 - INFO - 🚀 WEINSTEIN COMMANDER: FULL AUTO-PILOT
2026-08-30 12:27:33 - INFO - ============================================================
2026-08-30 12:27:33 - INFO - This will execute the entire workflow:
2026-08-30 12:27:33 - INFO - 1. Run ALL Technical Scanners (Chartink)
2026-08-30 12:27:33 - INFO - 2. Fetch Fundamental Data (Screener.in)
2026-08-30 12:27:33 - INFO - 3. Process Data
2026-08-30 12:27:33 - INFO - 4. Run Golden Matcher
2026-08-30 12:27:33 - INFO - 5. Run Recovery Screener
2026-08-30 12:27:33 - INFO - 6. Run Bull Screener
2026-08-30 12:27:33 - INFO - 7. Generate Local Watchlists
2026-08-30 12:27:33 - INFO - 8. Sync to Strike.Money
2026-08-30 12:27:33 - INFO - ------------------------------------------------------------
2026-08-30 12:27:33 - INFO - 
[PHASE 0] PRE-FLIGHT CLEANUP...
2026-08-30 12:27:34 - INFO - 
[PHASE 0.5] NUCLEAR WATCHLIST CLEANUP...
2026-08-30 12:31:20 - INFO - 
[PHASE 1] RUNNING TECHNICAL SCANNERS...
2026-08-30 12:31:39 - INFO - 
[PHASE 2] FETCHING FUNDAMENTAL DATA...
2026-08-30 12:31:45 - INFO - 
[PHASE 3] PROCESSING DATA...
2026-08-30 12:31:45 - INFO - 
[PHASE 4] RUNNING GOLDEN MATCHER...
2026-08-30 12:33:06 - INFO - 🌟 Matching Summary:
✅ Stage 2 Hunter: 5 matches
✅ Stage 2 Pullback: 9 matches
✅ Early Birds: 1 matches
✅ Strong Leaders: 7 matches
✅ RS Survivors: 4 matches
✅ Recovery Early Birds: 5 matches

2026-08-30 12:33:10 - INFO - 
[PHASE 4.5] RUNNING RECOVERY SCREENER...
2026-08-30 12:39:05 - INFO - 
[PHASE 4.6] RUNNING BULL SCREENER...
2026-08-30 12:39:05 - INFO -   Bull Screener [1/18]: RRKABEL
2026-08-30 12:39:06 - INFO -   Bull Screener [10/18]: LALPATHLAB
2026-08-30 12:39:06 - INFO -   Bull Screener [18/18]: DATAPATTNS
2026-08-30 12:39:06 - INFO - ✅ Bull Screener: 6 catalyst signals found.
2026-08-30 12:39:06 - INFO - 
[PHASE 4.7] RUNNING BULL CATALYST BROAD SCAN (catalyst-first)...
2026-08-30 12:39:06 - INFO -   Bull universe: 500 symbols from nifty500_symbols.json (catalyst-first broad scan).
2026-08-30 12:39:06 - INFO -   Catalyst Scan [1/500]: 360ONE
2026-08-30 12:39:12 - INFO -   Catalyst Scan [25/500]: AFCONS
2026-08-30 12:39:17 - INFO -   Catalyst Scan [50/500]: ATHERENERG
2026-08-30 12:39:23 - INFO -   Catalyst Scan [75/500]: BHARTIARTL
2026-08-30 12:39:29 - INFO -   Catalyst Scan [100/500]: CEATLTD
2026-08-30 12:39:33 - INFO -   Catalyst Scan [125/500]: CREDITACC
2026-08-30 12:39:38 - INFO -   Catalyst Scan [150/500]: ELGIEQUIP
2026-08-30 12:39:44 - INFO -   Catalyst Scan [175/500]: GILLETTE
2026-08-30 12:39:50 - INFO -   Catalyst Scan [200/500]: HDFCBANK
2026-08-30 12:39:56 - INFO -   Catalyst Scan [225/500]: IFCI
2026-08-30 12:40:03 - INFO -   Catalyst Scan [250/500]: ITCHOTELS
2026-08-30 12:40:10 - INFO -   Catalyst Scan [275/500]: KARURVYSYA
2026-08-30 12:40:15 - INFO -   Catalyst Scan [300/500]: LTM
2026-08-30 12:40:21 - INFO -   Catalyst Scan [325/500]: MSUMI
2026-08-30 12:40:25 - INFO -   Catalyst Scan [350/500]: NYKAA
2026-08-30 12:40:31 - INFO -   Catalyst Scan [375/500]: PNBHOUSING
2026-08-30 12:40:36 - INFO -   Catalyst Scan [400/500]: RRKABEL
2026-08-30 12:40:43 - INFO -   Catalyst Scan [425/500]: SONATSOFTW
2026-08-30 12:40:50 - INFO -   Catalyst Scan [450/500]: TCS
2026-08-30 12:40:57 - INFO -   Catalyst Scan [475/500]: UNIONBANK
2026-08-30 12:41:02 - INFO -   Catalyst Scan [500/500]: ZYDUSWELL
2026-08-30 12:41:36 - INFO -    BFF fundamental gate: kept 15/40 (floor 4/5, scaled to the applicable checks — a lender has 4, not 5; D/E exempt, ROE bar 12). 0 unreadable and DROPPED as unknown, not as weak — bff_passes returns None there and `is True` excludes it, matching pullback_finder's bff_block_unknown default.
2026-08-30 12:41:36 - INFO -    CORE gate (mcap > Rs 5,000 Cr · price > Rs 100 · pledge < 5% · promoter > 40% or FII > 15% or DII > 15%): kept 14/15
2026-08-30 12:41:36 - INFO - ✅ Catalyst Scan: 14 catalyst signals from 500 symbols → FINAL_CATALYST_WATCHLIST.csv (dropped 2 Stage-4)
2026-08-30 12:41:36 - INFO -    Catalysts: {'SWG-PB': 10, 'POS-BO': 3, 'POS-ACCUM': 1}
2026-08-30 12:41:36 - INFO - 
[PHASE 4.75] BUILDING RECOVERY CATALYST WATCHLIST...
2026-08-30 12:41:36 - INFO -    CORE gate (mcap > Rs 5,000 Cr · price > Rs 100 · pledge < 5% · promoter > 40% or FII > 15% or DII > 15%): kept 4/7
2026-08-30 12:41:36 - INFO -    Recovery catalysts: {'REV-RS': 2, 'WYC-SOS': 1, 'REV-EARLY': 1}
2026-08-30 12:41:36 - INFO - ✅ Recovery Catalyst Watchlist: 4 firing → FINAL_RECOVERY_CATALYST_WATCHLIST.csv
2026-08-30 12:41:36 - INFO - [FEED] Dhan=ON | nselib=OFF | nsepython=ON | cache=parquet
2026-08-30 12:41:36 - INFO - [FEED] data sources this run: cache=962 (52%) · dhan=883 (48%) · yfinance=2 (0%) · none=1 (0%)
2026-08-30 12:41:36 - INFO - 
[PHASE 4.75b] RUNNING PULLBACK FINDER (at-value scan)...
2026-08-30 12:43:06 - INFO - [PHASE 4.9] ETF SCREENER + ROTATION...
2026-08-30 12:43:13 - INFO - 
[PHASE 4.8] CONSOLIDATING GOLDEN MATCHER BOARD WATCHLIST...
2026-08-30 12:43:14 - INFO - 
[PHASE 5] GENERATING LOCAL WATCHLISTS (Pass 1)...
2026-08-30 12:43:26 - INFO -    ↳ FINAL_Portfolio_Picks.csv (pyramid/ADD source) written
2026-08-30 12:43:26 - INFO - 
[PHASE 5.7] RUNNING STALE WATCHLISTS CLEANUP...
2026-08-30 12:43:26 - INFO - 
[PHASE 6] SYNCING TO STRIKE.MONEY (WATCHLISTS)...
2026-08-30 12:49:05 - INFO - 
[PHASE 7] SYNCING TO TRADINGVIEW (WATCHLISTS)...
2026-08-30 12:51:23 - INFO - 
[PHASE 8] POST-FLIGHT CLEANUP & DATABASE BACKUP...
2026-08-30 12:51:23 - INFO - 
[PHASE 9] RUNNING PORTFOLIO ROTATION GUARD...
2026-08-30 12:52:44 - INFO - 
[PHASE 10] EXPORTING SCREENER CSVs...
2026-08-30 12:52:44 - INFO - ✅ Exported 3 files to C:\Users\jayra\Documents\GeminiVSCode\Screener CSVs
2026-08-30 12:52:44 - INFO - 
[PHASE 11] VALIDATING SCORE AUTHENTICITY...
2026-08-30 12:52:44 - INFO - 
============================================================
2026-08-30 12:52:44 - INFO - 🎉 AUTO-PILOT PIPELINE COMPLETED SUCCESSFULLY!
2026-08-30 12:52:44 - INFO - ============================================================
2026-08-30 12:52:44 - INFO - [log] Full console log saved -> C:\Users\jayra\Documents\GeminiVSCode\auto_pilot_20260830_122730.log
