2026-09-02 22:29:53 - INFO - [log] Auto-Pilot console log -> C:\Users\jayra\Documents\GeminiVSCode\auto_pilot_20260902_222953.log
2026-09-02 22:29:57 - INFO - ============================================================
2026-09-02 22:29:57 - INFO - 🚀 WEINSTEIN COMMANDER: FULL AUTO-PILOT
2026-09-02 22:29:57 - INFO - ============================================================
2026-09-02 22:29:57 - INFO - This will execute the entire workflow:
2026-09-02 22:29:57 - INFO - 1. Run ALL Technical Scanners (Chartink)
2026-09-02 22:29:57 - INFO - 2. Fetch Fundamental Data (Screener.in)
2026-09-02 22:29:57 - INFO - 3. Process Data
2026-09-02 22:29:57 - INFO - 4. Run Golden Matcher
2026-09-02 22:29:57 - INFO - 5. Run Recovery Screener
2026-09-02 22:29:57 - INFO - 6. Run Bull Screener
2026-09-02 22:29:57 - INFO - 7. Generate Local Watchlists
2026-09-02 22:29:57 - INFO - 8. Sync to Strike.Money
2026-09-02 22:29:57 - INFO - ------------------------------------------------------------
2026-09-02 22:29:57 - INFO - 
[PHASE 0] PRE-FLIGHT CLEANUP...
2026-09-02 22:29:58 - INFO - 
[PHASE 0.5] NUCLEAR WATCHLIST CLEANUP...
2026-09-02 22:33:39 - INFO - 
[PHASE 1] RUNNING TECHNICAL SCANNERS...
2026-09-02 22:34:00 - INFO - 
[PHASE 2] FETCHING FUNDAMENTAL DATA...
2026-09-02 22:34:06 - INFO - 
[PHASE 3] PROCESSING DATA...
2026-09-02 22:34:06 - INFO - 
[PHASE 4] RUNNING GOLDEN MATCHER...
2026-09-02 22:35:10 - INFO - 🌟 Matching Summary:
✅ Stage 2 Hunter: 1 matches
✅ Stage 2 Pullback: 9 matches
✅ Strong Leaders: 3 matches
✅ RS Survivors: 3 matches
✅ Climax Bounce: 1 matches
✅ Recovery Early Birds: 5 matches

2026-09-02 22:35:14 - INFO - 
[PHASE 4.5] RUNNING RECOVERY SCREENER...
2026-09-02 22:43:27 - INFO - 
[PHASE 4.6] RUNNING BULL SCREENER...
2026-09-02 22:43:27 - INFO -   Bull Screener [1/12]: BAJAJ-AUTO
2026-09-02 22:43:27 - INFO -   Bull Screener [10/12]: SUNPHARMA
2026-09-02 22:43:27 - INFO -   Bull Screener [12/12]: TECHM
2026-09-02 22:43:27 - INFO - ℹ️  Bull Screener: no catalyst signals fired.
2026-09-02 22:43:27 - INFO - 
[PHASE 4.7] RUNNING BULL CATALYST BROAD SCAN (catalyst-first)...
2026-09-02 22:43:27 - INFO -   Bull universe: 500 symbols from nifty500_symbols.json (catalyst-first broad scan).
2026-09-02 22:43:27 - INFO -   Catalyst Scan [1/500]: 360ONE
2026-09-02 22:43:41 - INFO -   Catalyst Scan [25/500]: AFCONS
2026-09-02 22:43:54 - INFO -   Catalyst Scan [50/500]: ATHERENERG
2026-09-02 22:44:05 - INFO -   Catalyst Scan [75/500]: BHARTIARTL
2026-09-02 22:44:18 - INFO -   Catalyst Scan [100/500]: CEATLTD
2026-09-02 22:44:29 - INFO -   Catalyst Scan [125/500]: CREDITACC
2026-09-02 22:44:39 - INFO -   Catalyst Scan [150/500]: ELGIEQUIP
2026-09-02 22:44:50 - INFO -   Catalyst Scan [175/500]: GILLETTE
2026-09-02 22:45:03 - INFO -   Catalyst Scan [200/500]: HDFCBANK
2026-09-02 22:45:15 - INFO -   Catalyst Scan [225/500]: IFCI
2026-09-02 22:45:28 - INFO -   Catalyst Scan [250/500]: ITCHOTELS
2026-09-02 22:45:42 - INFO -   Catalyst Scan [275/500]: KARURVYSYA
2026-09-02 22:45:52 - INFO -   Catalyst Scan [300/500]: LTM
2026-09-02 22:46:05 - INFO -   Catalyst Scan [325/500]: MSUMI
2026-09-02 22:46:17 - INFO -   Catalyst Scan [350/500]: NYKAA
2026-09-02 22:46:28 - INFO -   Catalyst Scan [375/500]: PNBHOUSING
2026-09-02 22:46:40 - INFO -   Catalyst Scan [400/500]: RRKABEL
2026-09-02 22:46:52 - INFO -   Catalyst Scan [425/500]: SONATSOFTW
2026-09-02 22:47:04 - INFO -   Catalyst Scan [450/500]: TCS
2026-09-02 22:47:16 - INFO -   Catalyst Scan [475/500]: UNIONBANK
2026-09-02 22:47:28 - INFO -   Catalyst Scan [500/500]: ZYDUSWELL
2026-09-02 22:47:38 - INFO -    BFF fundamental gate: kept 8/19 (floor 4/5, scaled to the applicable checks — a lender has 4, not 5; D/E exempt, ROE bar 12). 0 unreadable and DROPPED as unknown, not as weak — bff_passes returns None there and `is True` excludes it, matching pullback_finder's bff_block_unknown default.
2026-09-02 22:47:38 - INFO -    CORE gate (mcap > Rs 5,000 Cr · price > Rs 100 · pledge < 5% · promoter > 40% or FII > 15% or DII > 15%): kept 7/8
2026-09-02 22:47:38 - INFO - ✅ Catalyst Scan: 7 catalyst signals from 500 symbols → FINAL_CATALYST_WATCHLIST.csv (dropped 1 Stage-4)
2026-09-02 22:47:38 - INFO -    Catalysts: {'SWG-PB': 4, 'POS-BO': 2, 'POS-ACCUM': 1}
2026-09-02 22:47:38 - INFO - 
[PHASE 4.75] BUILDING RECOVERY CATALYST WATCHLIST...
2026-09-02 22:47:38 - INFO -    CORE gate (mcap > Rs 5,000 Cr · price > Rs 100 · pledge < 5% · promoter > 40% or FII > 15% or DII > 15%): kept 6/6
2026-09-02 22:47:38 - INFO -    Recovery catalysts: {'WYC-SOS': 2, 'REV-EARLY': 2, 'REV-RS': 2}
2026-09-02 22:47:38 - INFO - ✅ Recovery Catalyst Watchlist: 6 firing → FINAL_RECOVERY_CATALYST_WATCHLIST.csv
2026-09-02 22:47:38 - INFO - [FEED] Dhan=ON | nselib=OFF | nsepython=ON | cache=parquet
2026-09-02 22:47:38 - INFO - [FEED] data sources this run: dhan=906 (51%) · cache=855 (48%) · yfinance=2 (0%) · none=1 (0%)
2026-09-02 22:47:38 - INFO - 
[PHASE 4.75b] RUNNING PULLBACK FINDER (at-value scan)...
2026-09-02 22:49:01 - INFO - [PHASE 4.9] ETF SCREENER + ROTATION...
2026-09-02 22:49:48 - INFO - 
[PHASE 4.9c] ETF INDEX MAP + TRANSLATED SECTOR LEVELS...
2026-09-02 22:49:51 - INFO - 
[PHASE 4.8] CONSOLIDATING GOLDEN MATCHER BOARD WATCHLIST...
2026-09-02 22:49:52 - INFO - 
[PHASE 5] GENERATING LOCAL WATCHLISTS (Pass 1)...
2026-09-02 22:50:06 - INFO -    ↳ FINAL_Portfolio_Picks.csv (pyramid/ADD source) written
2026-09-02 22:50:06 - INFO - 
[PHASE 5.7] RUNNING STALE WATCHLISTS CLEANUP...
2026-09-02 22:50:06 - INFO - 
[PHASE 6] SYNCING TO STRIKE.MONEY (WATCHLISTS)...
2026-09-02 22:55:28 - INFO - 
[PHASE 7] SYNCING TO TRADINGVIEW (WATCHLISTS)...
2026-09-02 22:58:22 - INFO - 
[PHASE 8] POST-FLIGHT CLEANUP & DATABASE BACKUP...
2026-09-02 22:58:22 - INFO - 
[PHASE 9] RUNNING PORTFOLIO ROTATION GUARD...
2026-09-02 22:59:45 - INFO - 
[PHASE 10] EXPORTING SCREENER CSVs...
2026-09-02 22:59:45 - INFO - ✅ Exported 3 files to C:\Users\jayra\Documents\GeminiVSCode\Screener CSVs
2026-09-02 22:59:45 - INFO - 
[PHASE 11] VALIDATING SCORE AUTHENTICITY...
2026-09-02 22:59:45 - INFO - 
============================================================
2026-09-02 22:59:45 - INFO - 🎉 AUTO-PILOT PIPELINE COMPLETED SUCCESSFULLY!
2026-09-02 22:59:45 - INFO - ============================================================
2026-09-02 22:59:45 - INFO - [log] Full console log saved -> C:\Users\jayra\Documents\GeminiVSCode\auto_pilot_20260902_222953.log
