2026-09-04 16:30:00 - INFO - [log] Auto-Pilot console log -> C:\Users\jayra\Documents\GeminiVSCode\auto_pilot_20260904_163000.log
2026-09-04 16:30:04 - ERROR - ⛔ AUTO-PILOT IS ALREADY RUNNING (PID 31136)!
2026-09-04 16:30:04 - ERROR -    Aborting duplicate run to prevent process and data collisions.
2026-09-04 16:30:04 - INFO - ============================================================
2026-09-04 16:30:04 - INFO - 🚀 WEINSTEIN COMMANDER: FULL AUTO-PILOT
2026-09-04 16:30:04 - INFO - ============================================================
2026-09-04 16:30:04 - INFO - This will execute the entire workflow:
2026-09-04 16:30:04 - INFO - 1. Run ALL Technical Scanners (Chartink)
2026-09-04 16:30:04 - INFO - 2. Fetch Fundamental Data (Screener.in)
2026-09-04 16:30:04 - INFO - 3. Process Data
2026-09-04 16:30:04 - INFO - 4. Run Golden Matcher
2026-09-04 16:30:04 - INFO - 5. Run Recovery Screener
2026-09-04 16:30:04 - INFO - 6. Run Bull Screener
2026-09-04 16:30:04 - INFO - 7. Generate Local Watchlists
2026-09-04 16:30:04 - INFO - 8. Sync to Strike.Money
2026-09-04 16:30:04 - INFO - ------------------------------------------------------------
2026-09-04 16:30:04 - INFO - 
[PHASE 0] PRE-FLIGHT CLEANUP...
2026-09-04 16:30:05 - INFO - 
[PHASE 0.5] NUCLEAR WATCHLIST CLEANUP...
2026-09-04 16:32:36 - INFO - 
[PHASE 1] RUNNING TECHNICAL SCANNERS...
2026-09-04 16:32:56 - INFO - 
[PHASE 2] FETCHING FUNDAMENTAL DATA...
2026-09-04 16:33:03 - INFO - 
[PHASE 3] PROCESSING DATA...
2026-09-04 16:33:03 - INFO - 
[PHASE 4] RUNNING GOLDEN MATCHER...
2026-09-04 16:34:04 - INFO - 🌟 Matching Summary:
✅ Stage 2 Hunter: 4 matches
✅ Stage 2 Pullback: 5 matches
✅ Strong Leaders: 1 matches
✅ RS Survivors: 3 matches
✅ Climax Bounce: 1 matches
✅ Recovery Early Birds: 4 matches

2026-09-04 16:34:06 - INFO - 
[PHASE 4.5] RUNNING RECOVERY SCREENER...
2026-09-04 16:37:27 - INFO - 
[PHASE 4.6] RUNNING BULL SCREENER...
2026-09-04 16:37:27 - INFO -   Bull Screener [1/10]: SOLARINDS
2026-09-04 16:37:27 - INFO -   Bull Screener [10/10]: CRISIL
2026-09-04 16:37:28 - INFO - ✅ Bull Screener: 2 catalyst signals found.
2026-09-04 16:37:28 - INFO - 
[PHASE 4.7] RUNNING BULL CATALYST BROAD SCAN (catalyst-first)...
2026-09-04 16:37:28 - INFO -   Bull universe: 500 symbols from nifty500_symbols.json (catalyst-first broad scan).
2026-09-04 16:37:28 - INFO -   Catalyst Scan [1/500]: 360ONE
2026-09-04 16:37:30 - INFO -   Catalyst Scan [25/500]: AFCONS
2026-09-04 16:37:31 - INFO -   Catalyst Scan [50/500]: ATHERENERG
2026-09-04 16:37:32 - INFO -   Catalyst Scan [75/500]: BHARTIARTL
2026-09-04 16:37:32 - INFO -   Catalyst Scan [100/500]: CEATLTD
2026-09-04 16:37:35 - INFO -   Catalyst Scan [125/500]: CREDITACC
2026-09-04 16:37:36 - INFO -   Catalyst Scan [150/500]: ELGIEQUIP
2026-09-04 16:37:37 - INFO -   Catalyst Scan [175/500]: GILLETTE
2026-09-04 16:37:39 - INFO -   Catalyst Scan [200/500]: HDFCBANK
2026-09-04 16:37:40 - INFO -   Catalyst Scan [225/500]: IFCI
2026-09-04 16:37:41 - INFO -   Catalyst Scan [250/500]: ITCHOTELS
2026-09-04 16:37:42 - INFO -   Catalyst Scan [275/500]: KARURVYSYA
2026-09-04 16:37:45 - INFO -   Catalyst Scan [300/500]: LTM
2026-09-04 16:37:46 - INFO -   Catalyst Scan [325/500]: MSUMI
2026-09-04 16:37:48 - INFO -   Catalyst Scan [350/500]: NYKAA
2026-09-04 16:37:49 - INFO -   Catalyst Scan [375/500]: PNBHOUSING
2026-09-04 16:37:51 - INFO -   Catalyst Scan [400/500]: RRKABEL
2026-09-04 16:37:52 - INFO -   Catalyst Scan [425/500]: SONATSOFTW
2026-09-04 16:37:53 - INFO -   Catalyst Scan [450/500]: TCS
2026-09-04 16:37:54 - INFO -   Catalyst Scan [475/500]: UNIONBANK
2026-09-04 16:37:56 - INFO -   Catalyst Scan [500/500]: ZYDUSWELL
2026-09-04 16:38:04 - INFO -    BFF fundamental gate: kept 5/18 (floor 4/5, scaled to the applicable checks — a lender has 4, not 5; D/E exempt, ROE bar 12). 0 unreadable and DROPPED as unknown, not as weak — bff_passes returns None there and `is True` excludes it, matching pullback_finder's bff_block_unknown default.
2026-09-04 16:38:04 - INFO -    CORE gate (mcap > Rs 5,000 Cr · price > Rs 100 · pledge < 5% · promoter > 40% or FII > 15% or DII > 15%): kept 5/5
2026-09-04 16:38:04 - INFO - ✅ Catalyst Scan: 5 catalyst signals from 500 symbols → FINAL_CATALYST_WATCHLIST.csv (dropped 3 Stage-4)
2026-09-04 16:38:04 - INFO -    Catalysts: {'POS-BO': 3, 'SWG-PB': 2}
2026-09-04 16:38:04 - INFO - 
[PHASE 4.75] BUILDING RECOVERY CATALYST WATCHLIST...
2026-09-04 16:38:04 - INFO -    CORE gate (mcap > Rs 5,000 Cr · price > Rs 100 · pledge < 5% · promoter > 40% or FII > 15% or DII > 15%): kept 4/4
2026-09-04 16:38:04 - INFO -    Recovery catalysts: {'REV-RS': 2, 'WYC-SOS': 1, 'REV-EARLY': 1}
2026-09-04 16:38:04 - INFO - ✅ Recovery Catalyst Watchlist: 4 firing → FINAL_RECOVERY_CATALYST_WATCHLIST.csv
2026-09-04 16:38:04 - INFO - [FEED] Dhan=ON | nselib=OFF | nsepython=ON | cache=parquet
2026-09-04 16:38:04 - INFO - [FEED] data sources this run: cache=1717 (97%) · dhan=54 (3%) · yfinance=1 (0%) · none=1 (0%)
2026-09-04 16:38:04 - INFO - 
[PHASE 4.75b] RUNNING PULLBACK FINDER (at-value scan)...
2026-09-04 16:39:31 - INFO - [PHASE 4.9] ETF SCREENER + ROTATION...
2026-09-04 16:39:43 - INFO - 
[PHASE 4.9c] ETF INDEX MAP + TRANSLATED SECTOR LEVELS...
2026-09-04 16:39:46 - INFO - 
[PHASE 4.8] CONSOLIDATING GOLDEN MATCHER BOARD WATCHLIST...
2026-09-04 16:39:47 - INFO - 
[PHASE 5] GENERATING LOCAL WATCHLISTS (Pass 1)...
2026-09-04 16:40:00 - INFO -    ↳ FINAL_Portfolio_Picks.csv (pyramid/ADD source) written
2026-09-04 16:40:00 - INFO - 
[PHASE 5.7] RUNNING STALE WATCHLISTS CLEANUP...
2026-09-04 16:40:00 - INFO - 
[PHASE 6] SYNCING TO STRIKE.MONEY (WATCHLISTS)...
2026-09-04 16:45:37 - INFO - 
[PHASE 7] SYNCING TO TRADINGVIEW (WATCHLISTS)...
2026-09-04 16:53:49 - INFO - 
[PHASE 8] POST-FLIGHT CLEANUP & DATABASE BACKUP...
2026-09-04 16:53:49 - INFO - 
[PHASE 9] RUNNING PORTFOLIO ROTATION GUARD...
2026-09-04 16:54:13 - INFO - 
[PHASE 10] EXPORTING SCREENER CSVs...
2026-09-04 16:54:13 - INFO - ✅ Exported 3 files to C:\Users\jayra\Documents\GeminiVSCode\Screener CSVs
2026-09-04 16:54:13 - INFO - 
[PHASE 11] VALIDATING SCORE AUTHENTICITY...
2026-09-04 16:54:13 - INFO - 
============================================================
2026-09-04 16:54:13 - INFO - 🎉 AUTO-PILOT PIPELINE COMPLETED SUCCESSFULLY!
2026-09-04 16:54:13 - INFO - ============================================================
2026-09-04 16:54:13 - INFO - [log] Full console log saved -> C:\Users\jayra\Documents\GeminiVSCode\auto_pilot_20260904_163000.log
