2026-09-04 07:54:47 - INFO - [log] Auto-Pilot console log -> C:\Users\jayra\Documents\GeminiVSCode\auto_pilot_20260904_075447.log
2026-09-04 07:54:51 - INFO - ============================================================
2026-09-04 07:54:51 - INFO - 🚀 WEINSTEIN COMMANDER: FULL AUTO-PILOT
2026-09-04 07:54:51 - INFO - ============================================================
2026-09-04 07:54:51 - INFO - This will execute the entire workflow:
2026-09-04 07:54:51 - INFO - 1. Run ALL Technical Scanners (Chartink)
2026-09-04 07:54:51 - INFO - 2. Fetch Fundamental Data (Screener.in)
2026-09-04 07:54:51 - INFO - 3. Process Data
2026-09-04 07:54:51 - INFO - 4. Run Golden Matcher
2026-09-04 07:54:51 - INFO - 5. Run Recovery Screener
2026-09-04 07:54:51 - INFO - 6. Run Bull Screener
2026-09-04 07:54:51 - INFO - 7. Generate Local Watchlists
2026-09-04 07:54:51 - INFO - 8. Sync to Strike.Money
2026-09-04 07:54:51 - INFO - ------------------------------------------------------------
2026-09-04 07:54:51 - INFO - 
[PHASE 0] PRE-FLIGHT CLEANUP...
2026-09-04 07:54:51 - INFO - 
[PHASE 0.5] NUCLEAR WATCHLIST CLEANUP...
2026-09-04 07:58:36 - INFO - 
[PHASE 1] RUNNING TECHNICAL SCANNERS...
2026-09-04 07:58:54 - INFO - 
[PHASE 2] FETCHING FUNDAMENTAL DATA...
2026-09-04 07:59:00 - INFO - 
[PHASE 3] PROCESSING DATA...
2026-09-04 07:59:00 - INFO - 
[PHASE 4] RUNNING GOLDEN MATCHER...
2026-09-04 08:00:01 - INFO - 🌟 Matching Summary:
✅ Stage 2 Hunter: 2 matches
✅ Stage 2 Pullback: 7 matches
✅ Strong Leaders: 3 matches
✅ RS Survivors: 1 matches
✅ Climax Bounce: 2 matches
✅ Recovery Early Birds: 2 matches

2026-09-04 08:00:05 - INFO - 
[PHASE 4.5] RUNNING RECOVERY SCREENER...
2026-09-04 08:05:54 - INFO - 
[PHASE 4.6] RUNNING BULL SCREENER...
2026-09-04 08:05:54 - INFO -   Bull Screener [1/10]: DIVISLAB
2026-09-04 08:05:54 - INFO -   Bull Screener [10/10]: TBOTEK
2026-09-04 08:05:54 - INFO - ℹ️  Bull Screener: no catalyst signals fired.
2026-09-04 08:05:54 - INFO - 
[PHASE 4.7] RUNNING BULL CATALYST BROAD SCAN (catalyst-first)...
2026-09-04 08:05:54 - INFO -   Bull universe: 500 symbols from nifty500_symbols.json (catalyst-first broad scan).
2026-09-04 08:05:54 - INFO -   Catalyst Scan [1/500]: 360ONE
2026-09-04 08:06:01 - INFO -   Catalyst Scan [25/500]: AFCONS
2026-09-04 08:06:07 - INFO -   Catalyst Scan [50/500]: ATHERENERG
2026-09-04 08:06:13 - INFO -   Catalyst Scan [75/500]: BHARTIARTL
2026-09-04 08:06:20 - INFO -   Catalyst Scan [100/500]: CEATLTD
2026-09-04 08:06:25 - INFO -   Catalyst Scan [125/500]: CREDITACC
2026-09-04 08:06:29 - INFO -   Catalyst Scan [150/500]: ELGIEQUIP
2026-09-04 08:06:36 - INFO -   Catalyst Scan [175/500]: GILLETTE
2026-09-04 08:06:42 - INFO -   Catalyst Scan [200/500]: HDFCBANK
2026-09-04 08:06:47 - INFO -   Catalyst Scan [225/500]: IFCI
2026-09-04 08:06:54 - INFO -   Catalyst Scan [250/500]: ITCHOTELS
2026-09-04 08:07:01 - INFO -   Catalyst Scan [275/500]: KARURVYSYA
2026-09-04 08:07:06 - INFO -   Catalyst Scan [300/500]: LTM
2026-09-04 08:07:12 - INFO -   Catalyst Scan [325/500]: MSUMI
2026-09-04 08:07:17 - INFO -   Catalyst Scan [350/500]: NYKAA
2026-09-04 08:07:22 - INFO -   Catalyst Scan [375/500]: PNBHOUSING
2026-09-04 08:07:28 - INFO -   Catalyst Scan [400/500]: RRKABEL
2026-09-04 08:07:34 - INFO -   Catalyst Scan [425/500]: SONATSOFTW
2026-09-04 08:07:40 - INFO -   Catalyst Scan [450/500]: TCS
2026-09-04 08:07:46 - INFO -   Catalyst Scan [475/500]: UNIONBANK
2026-09-04 08:07:52 - INFO -   Catalyst Scan [500/500]: ZYDUSWELL
2026-09-04 08:08:00 - INFO -    BFF fundamental gate: kept 6/16 (floor 4/5, scaled to the applicable checks — a lender has 4, not 5; D/E exempt, ROE bar 12). 0 unreadable and DROPPED as unknown, not as weak — bff_passes returns None there and `is True` excludes it, matching pullback_finder's bff_block_unknown default.
2026-09-04 08:08:00 - INFO -    CORE gate (mcap > Rs 5,000 Cr · price > Rs 100 · pledge < 5% · promoter > 40% or FII > 15% or DII > 15%): kept 6/6
2026-09-04 08:08:00 - INFO - ✅ Catalyst Scan: 6 catalyst signals from 500 symbols → FINAL_CATALYST_WATCHLIST.csv (dropped 3 Stage-4)
2026-09-04 08:08:00 - INFO -    Catalysts: {'SWG-PB': 4, 'POS-BO': 2}
2026-09-04 08:08:00 - INFO - 
[PHASE 4.75] BUILDING RECOVERY CATALYST WATCHLIST...
2026-09-04 08:08:00 - INFO -    CORE gate (mcap > Rs 5,000 Cr · price > Rs 100 · pledge < 5% · promoter > 40% or FII > 15% or DII > 15%): kept 4/4
2026-09-04 08:08:00 - INFO -    Recovery catalysts: {'REV-RS': 2, 'WYC-SOS': 1, 'REV-EARLY': 1}
2026-09-04 08:08:00 - INFO - ✅ Recovery Catalyst Watchlist: 4 firing → FINAL_RECOVERY_CATALYST_WATCHLIST.csv
2026-09-04 08:08:00 - INFO - [FEED] Dhan=ON | nselib=OFF | nsepython=ON | cache=parquet
2026-09-04 08:08:00 - INFO - [FEED] data sources this run: cache=861 (49%) · yfinance=464 (27%) · dhan=414 (24%) · none=1 (0%)
2026-09-04 08:08:00 - WARNING - ⚠️  [FEED] 464/879 live fetches (53%) used the FREE fallback despite Dhan being wired — check token (dhan_auth), DH-904 throttle (DHAN_MIN_INTERVAL_S), or scrip-master freshness.
2026-09-04 08:08:00 - INFO - 
[PHASE 4.75b] RUNNING PULLBACK FINDER (at-value scan)...
2026-09-04 08:09:32 - INFO - [PHASE 4.9] ETF SCREENER + ROTATION...
