2026-08-27 21:56:40 - INFO - [log] Auto-Pilot console log -> C:\Users\jayra\Documents\GeminiVSCode\auto_pilot_20260827_215640.log
2026-08-27 21:56:43 - INFO - ============================================================
2026-08-27 21:56:43 - INFO - 🚀 WEINSTEIN COMMANDER: FULL AUTO-PILOT
2026-08-27 21:56:43 - INFO - ============================================================
2026-08-27 21:56:43 - INFO - This will execute the entire workflow:
2026-08-27 21:56:43 - INFO - 1. Run ALL Technical Scanners (Chartink)
2026-08-27 21:56:43 - INFO - 2. Fetch Fundamental Data (Screener.in)
2026-08-27 21:56:43 - INFO - 3. Process Data
2026-08-27 21:56:43 - INFO - 4. Run Golden Matcher
2026-08-27 21:56:43 - INFO - 5. Run Recovery Screener
2026-08-27 21:56:43 - INFO - 6. Run Bull Screener
2026-08-27 21:56:43 - INFO - 7. Generate Local Watchlists
2026-08-27 21:56:43 - INFO - 8. Sync to Strike.Money
2026-08-27 21:56:43 - INFO - ------------------------------------------------------------
2026-08-27 21:56:43 - INFO - 
[PHASE 0] PRE-FLIGHT CLEANUP...
2026-08-27 21:56:44 - INFO - 
[PHASE 0.5] NUCLEAR WATCHLIST CLEANUP...
2026-08-27 22:00:33 - INFO - 
[PHASE 1] RUNNING TECHNICAL SCANNERS...
2026-08-27 22:00:54 - INFO - 
[PHASE 2] FETCHING FUNDAMENTAL DATA...
2026-08-27 22:01:01 - INFO - 
[PHASE 3] PROCESSING DATA...
2026-08-27 22:01:01 - INFO - 
[PHASE 4] RUNNING GOLDEN MATCHER...
2026-08-27 22:02:49 - INFO - 🌟 Matching Summary:
✅ Stage 2 Hunter: 4 matches
✅ Stage 2 Pullback: 7 matches
✅ Early Birds: 1 matches
✅ Strong Leaders: 5 matches
✅ RS Survivors: 5 matches
✅ Recovery Early Birds: 5 matches

2026-08-27 22:02:53 - INFO - 
[PHASE 4.5] RUNNING RECOVERY SCREENER...
2026-08-27 22:10:56 - INFO - 
[PHASE 4.6] RUNNING BULL SCREENER...
2026-08-27 22:10:56 - INFO -   Bull Screener [1/14]: RRKABEL
2026-08-27 22:10:57 - INFO -   Bull Screener [10/14]: ACUTAAS
2026-08-27 22:10:57 - INFO -   Bull Screener [14/14]: DATAPATTNS
2026-08-27 22:10:57 - INFO - ✅ Bull Screener: 4 catalyst signals found.
2026-08-27 22:10:57 - INFO - 
[PHASE 4.7] RUNNING BULL CATALYST BROAD SCAN (catalyst-first)...
2026-08-27 22:10:57 - INFO -   Bull universe: 500 symbols from nifty500_symbols.json (catalyst-first broad scan).
2026-08-27 22:10:57 - INFO -   Catalyst Scan [1/500]: 360ONE
2026-08-27 22:11:10 - INFO -   Catalyst Scan [25/500]: AFCONS
2026-08-27 22:11:19 - INFO -   Catalyst Scan [50/500]: ATHERENERG
2026-08-27 22:11:29 - INFO -   Catalyst Scan [75/500]: BHARTIARTL
2026-08-27 22:11:41 - INFO -   Catalyst Scan [100/500]: CEATLTD
2026-08-27 22:11:51 - INFO -   Catalyst Scan [125/500]: CREDITACC
2026-08-27 22:11:59 - INFO -   Catalyst Scan [150/500]: ELGIEQUIP
2026-08-27 22:12:11 - INFO -   Catalyst Scan [175/500]: GILLETTE
2026-08-27 22:12:23 - INFO -   Catalyst Scan [200/500]: HDFCBANK
2026-08-27 22:12:34 - INFO -   Catalyst Scan [225/500]: IFCI
2026-08-27 22:12:48 - INFO -   Catalyst Scan [250/500]: ITCHOTELS
2026-08-27 22:13:02 - INFO -   Catalyst Scan [275/500]: KARURVYSYA
2026-08-27 22:13:12 - INFO -   Catalyst Scan [300/500]: LTM
2026-08-27 22:13:23 - INFO -   Catalyst Scan [325/500]: MSUMI
2026-08-27 22:13:32 - INFO -   Catalyst Scan [350/500]: NYKAA
2026-08-27 22:13:43 - INFO -   Catalyst Scan [375/500]: PNBHOUSING
2026-08-27 22:13:53 - INFO -   Catalyst Scan [400/500]: RRKABEL
2026-08-27 22:14:04 - INFO -   Catalyst Scan [425/500]: SONATSOFTW
2026-08-27 22:14:17 - INFO -   Catalyst Scan [450/500]: TCS
2026-08-27 22:14:31 - INFO -   Catalyst Scan [475/500]: UNIONBANK
2026-08-27 22:14:42 - INFO -   Catalyst Scan [500/500]: ZYDUSWELL
2026-08-27 22:15:05 - INFO -    BFF fundamental gate: kept 11/31 (floor 4/5; 0 unreadable — NOT judged weak)
2026-08-27 22:15:05 - INFO -    CORE gate (mcap > Rs 5,000 Cr · price > Rs 100 · pledge < 5% · promoter > 40% or FII > 15% or DII > 15%): kept 10/11
2026-08-27 22:15:05 - INFO - ✅ Catalyst Scan: 10 catalyst signals from 500 symbols → FINAL_CATALYST_WATCHLIST.csv
2026-08-27 22:15:05 - INFO -    Catalysts: {'SWG-PB': 6, 'POS-BO': 3, 'POS-ACCUM': 1}
2026-08-27 22:15:05 - INFO - 
[PHASE 4.75] BUILDING RECOVERY CATALYST WATCHLIST...
2026-08-27 22:15:05 - INFO -    CORE gate (mcap > Rs 5,000 Cr · price > Rs 100 · pledge < 5% · promoter > 40% or FII > 15% or DII > 15%): kept 2/2
2026-08-27 22:15:05 - INFO -    Recovery catalysts: {'REV-EARLY': 1, 'REV-RS': 1}
2026-08-27 22:15:05 - INFO - ✅ Recovery Catalyst Watchlist: 2 firing → FINAL_RECOVERY_CATALYST_WATCHLIST.csv
2026-08-27 22:15:05 - INFO - [FEED] Dhan=ON | nselib=OFF | nsepython=ON | cache=parquet
2026-08-27 22:15:05 - INFO - [FEED] data sources this run: cache=941 (52%) · dhan=875 (48%) · yfinance=1 (0%) · none=1 (0%)
2026-08-27 22:15:05 - INFO - 
[PHASE 4.75b] RUNNING PULLBACK FINDER (at-value scan)...
2026-08-27 22:16:18 - INFO - [PHASE 4.9] ETF SCREENER + ROTATION...
2026-08-27 22:16:47 - INFO - 
[PHASE 4.8] CONSOLIDATING GOLDEN MATCHER BOARD WATCHLIST...
2026-08-27 22:16:48 - INFO - 
[PHASE 5] GENERATING LOCAL WATCHLISTS (Pass 1)...
2026-08-27 22:16:59 - INFO -    ↳ FINAL_Portfolio_Picks.csv (pyramid/ADD source) written
2026-08-27 22:16:59 - INFO - 
[PHASE 5.7] RUNNING STALE WATCHLISTS CLEANUP...
2026-08-27 22:16:59 - INFO - 
[PHASE 6] SYNCING TO STRIKE.MONEY (WATCHLISTS)...
2026-08-27 22:22:40 - INFO - 
[PHASE 7] SYNCING TO TRADINGVIEW (WATCHLISTS)...
2026-08-27 22:24:11 - INFO - 
[PHASE 8] POST-FLIGHT CLEANUP & DATABASE BACKUP...
2026-08-27 22:24:11 - INFO - 
[PHASE 9] RUNNING PORTFOLIO ROTATION GUARD...
2026-08-27 22:25:14 - INFO - 
[PHASE 10] EXPORTING SCREENER CSVs...
2026-08-27 22:25:14 - INFO - ✅ Exported 3 files to C:\Users\jayra\Documents\GeminiVSCode\Screener CSVs
2026-08-27 22:25:14 - INFO - 
[PHASE 11] VALIDATING SCORE AUTHENTICITY...
2026-08-27 22:25:15 - INFO - 
============================================================
2026-08-27 22:25:15 - INFO - 🎉 AUTO-PILOT PIPELINE COMPLETED SUCCESSFULLY!
2026-08-27 22:25:15 - INFO - ============================================================
2026-08-27 22:25:15 - INFO - [log] Full console log saved -> C:\Users\jayra\Documents\GeminiVSCode\auto_pilot_20260827_215640.log
