
  Market regime computed: NOT BULL
  ---- CATALYST FUNNEL DIAGNOSTIC (v2.4 sync) ----
  POS-BO (492 eligible)
    [+ mkt_bull]                   0 / 492  (  0.0%)
    [+ alpha]                    492 / 492  (100.0%)
    [+ weinstein]                 45 / 492  (  9.1%)
    [+ breakout]                   9 / 492  (  1.8%)
    [+ vol]                        9 / 492  (  1.8%)
    [+ wrsi60]                     9 / 492  (  1.8%)
    [+ adx25]                      9 / 492  (  1.8%)
  POS-ACCUM (492 eligible)
    [+ mkt_bull]                   0 / 492  (  0.0%)
    [+ alpha]                    492 / 492  (100.0%)
    [+ obv]                       27 / 492  (  5.5%)
    [+ weinstein]                 11 / 492  (  2.2%)
    [+ vcp]                        4 / 492  (  0.8%)
    [+ breakout]                   3 / 492  (  0.6%)
    [+ rsi50]                      3 / 492  (  0.6%)
  SWG-PB (492 eligible)
    [+ mkt]                        0 / 492  (  0.0%)
    [+ pullback]                   0 / 492  (  0.0%)
    [+ vcp]                        0 / 492  (  0.0%)
    [+ mastack]                    0 / 492  (  0.0%)
    [+ rsipocket]                  0 / 492  (  0.0%)
    [+ voldry]                     0 / 492  (  0.0%)
  WEINSTEIN_SETUP composition (492 eligible)
    [+ stage_ok]                 316 / 492  ( 64.2%)
    [+ trend_aligned]             98 / 492  ( 19.9%)
    [+ rs_ok]                    253 / 492  ( 51.4%)
    [+ vol_acc_ok]               131 / 492  ( 26.6%)
    [+ stage2_fresh]             433 / 492  ( 88.0%)
    [+ ma_sqz_ok]                159 / 492  ( 32.3%)
    [+ bb_sqz_ok]                 65 / 492  ( 13.2%)
    [+ trend_template]           190 / 492  ( 38.6%)
    [+ all_no_squeeze]            35 / 492  (  7.1%)
    [+ all_pass]                  45 / 492  (  9.1%)
