e:\Gemini\VS Code\test_gemini_connection.py:2: FutureWarning: 

All support for the `google.generativeai` package has ended. It will no longer be receiving 
updates or bug fixes. Please switch to the `google.genai` package as soon as possible.
See README for more details:

https://github.com/google-gemini/deprecated-generative-ai-python/blob/main/README.md

  import google.generativeai as genai
DEBUG: API Key found? Yes
DEBUG: Key length: 39
DEBUG: Key prefix: AIza...

Checking available models...
- models/gemini-2.5-flash
- models/gemini-2.5-pro
- models/gemini-2.0-flash
- models/gemini-2.0-flash-001
- models/gemini-2.0-flash-exp-image-generation
- models/gemini-2.0-flash-lite-001
- models/gemini-2.0-flash-lite
- models/gemini-exp-1206
- models/gemini-2.5-flash-preview-tts
- models/gemini-2.5-pro-preview-tts
- models/gemma-3-1b-it
- models/gemma-3-4b-it
- models/gemma-3-12b-it
- models/gemma-3-27b-it
- models/gemma-3n-e4b-it
- models/gemma-3n-e2b-it
- models/gemini-flash-latest
- models/gemini-flash-lite-latest
- models/gemini-pro-latest
- models/gemini-2.5-flash-lite
- models/gemini-2.5-flash-image
- models/gemini-2.5-flash-preview-09-2025
- models/gemini-2.5-flash-lite-preview-09-2025
- models/gemini-3-pro-preview
- models/gemini-3-flash-preview
- models/gemini-3-pro-image-preview
- models/nano-banana-pro-preview
- models/gemini-robotics-er-1.5-preview
- models/gemini-2.5-computer-use-preview-10-2025
- models/deep-research-pro-preview-12-2025

Attempting generation with 'gemini-1.5-flash'...
Traceback (most recent call last):
  File "e:\Gemini\VS Code\test_gemini_connection.py", line 32, in <module>
    response = model.generate_content("Hello, can you hear me?")
  File "E:\Gemini\VS Code\.venv\Lib\site-packages\google\generativeai\generative_models.py", line 331, in generate_content
    response = self._client.generate_content(
        request,
        **request_options,
    )
  File "E:\Gemini\VS Code\.venv\Lib\site-packages\google\ai\generativelanguage_v1beta\services\generative_service\client.py", line 835, in generate_content
    response = rpc(
        request,
    ...<2 lines>...
        metadata=metadata,
    )
  File "E:\Gemini\VS Code\.venv\Lib\site-packages\google\api_core\gapic_v1\method.py", line 131, in __call__
    return wrapped_func(*args, **kwargs)
  File "E:\Gemini\VS Code\.venv\Lib\site-packages\google\api_core\retry\retry_unary.py", line 294, in retry_wrapped_func
    return retry_target(
        target,
    ...<3 lines>...
        on_error=on_error,
    )
  File "E:\Gemini\VS Code\.venv\Lib\site-packages\google\api_core\retry\retry_unary.py", line 156, in retry_target
    next_sleep = _retry_error_helper(
        exc,
    ...<6 lines>...
        timeout,
    )
  File "E:\Gemini\VS Code\.venv\Lib\site-packages\google\api_core\retry\retry_base.py", line 214, in _retry_error_helper
    raise final_exc from source_exc
  File "E:\Gemini\VS Code\.venv\Lib\site-packages\google\api_core\retry\retry_unary.py", line 147, in retry_target
    result = target()
  File "E:\Gemini\VS Code\.venv\Lib\site-packages\google\api_core\timeout.py", line 130, in func_with_timeout
    return func(*args, **kwargs)
  File "E:\Gemini\VS Code\.venv\Lib\site-packages\google\api_core\grpc_helpers.py", line 77, in error_remapped_callable
    raise exceptions.from_grpc_error(exc) from exc
google.api_core.exceptions.NotFound: 404 models/gemini-1.5-flash is not found for API version v1beta, or is not supported for generateContent. Call ListModels to see the list of available models and their supported methods.

During handling of the above exception, another exception occurred:

Traceback (most recent call last):
  File "e:\Gemini\VS Code\test_gemini_connection.py", line 36, in <module>
    print(f"\n\u274c CONNECTION FAILED: {e}")
    ~~~~~^^^^^^^^^^^^^^^^^^^^^^^^^^^^^^^^
  File "C:\Program Files\WindowsApps\PythonSoftwareFoundation.Python.3.13_3.13.3312.0_x64__qbz5n2kfra8p0\Lib\encodings\cp1252.py", line 19, in encode
    return codecs.charmap_encode(input,self.errors,encoding_table)[0]
           ~~~~~~~~~~~~~~~~~~~~~^^^^^^^^^^^^^^^^^^^^^^^^^^^^^^^^^^
UnicodeEncodeError: 'charmap' codec can't encode character '\u274c' in position 2: character maps to <undefined>
